Archive member included to satisfy reference by file (symbol)

C:/ST/STM32CubeIDE_1.16.0/STM32CubeIDE/plugins/com.st.stm32cube.ide.mcu.externaltools.gnu-tools-for-stm32.12.3.rel1.win32_1.0.200.202406191623/tools/bin/../lib/gcc/arm-none-eabi/12.3.1/../../../../arm-none-eabi/lib/thumb/v7-m/nofp\libc_nano.a(libc_a-exit.o)
                              C:/ST/STM32CubeIDE_1.16.0/STM32CubeIDE/plugins/com.st.stm32cube.ide.mcu.externaltools.gnu-tools-for-stm32.12.3.rel1.win32_1.0.200.202406191623/tools/bin/../lib/gcc/arm-none-eabi/12.3.1/../../../../arm-none-eabi/lib/thumb/v7-m/nofp/crt0.o (exit)
C:/ST/STM32CubeIDE_1.16.0/STM32CubeIDE/plugins/com.st.stm32cube.ide.mcu.externaltools.gnu-tools-for-stm32.12.3.rel1.win32_1.0.200.202406191623/tools/bin/../lib/gcc/arm-none-eabi/12.3.1/../../../../arm-none-eabi/lib/thumb/v7-m/nofp\libc_nano.a(libc_a-findfp.o)
                              C:/ST/STM32CubeIDE_1.16.0/STM32CubeIDE/plugins/com.st.stm32cube.ide.mcu.externaltools.gnu-tools-for-stm32.12.3.rel1.win32_1.0.200.202406191623/tools/bin/../lib/gcc/arm-none-eabi/12.3.1/../../../../arm-none-eabi/lib/thumb/v7-m/nofp\libc_nano.a(libc_a-exit.o) (__stdio_exit_handler)
C:/ST/STM32CubeIDE_1.16.0/STM32CubeIDE/plugins/com.st.stm32cube.ide.mcu.externaltools.gnu-tools-for-stm32.12.3.rel1.win32_1.0.200.202406191623/tools/bin/../lib/gcc/arm-none-eabi/12.3.1/../../../../arm-none-eabi/lib/thumb/v7-m/nofp\libc_nano.a(libc_a-fwalk.o)
                              C:/ST/STM32CubeIDE_1.16.0/STM32CubeIDE/plugins/com.st.stm32cube.ide.mcu.externaltools.gnu-tools-for-stm32.12.3.rel1.win32_1.0.200.202406191623/tools/bin/../lib/gcc/arm-none-eabi/12.3.1/../../../../arm-none-eabi/lib/thumb/v7-m/nofp\libc_nano.a(libc_a-findfp.o) (_fwalk_sglue)
C:/ST/STM32CubeIDE_1.16.0/STM32CubeIDE/plugins/com.st.stm32cube.ide.mcu.externaltools.gnu-tools-for-stm32.12.3.rel1.win32_1.0.200.202406191623/tools/bin/../lib/gcc/arm-none-eabi/12.3.1/../../../../arm-none-eabi/lib/thumb/v7-m/nofp\libc_nano.a(libc_a-stdio.o)
                              C:/ST/STM32CubeIDE_1.16.0/STM32CubeIDE/plugins/com.st.stm32cube.ide.mcu.externaltools.gnu-tools-for-stm32.12.3.rel1.win32_1.0.200.202406191623/tools/bin/../lib/gcc/arm-none-eabi/12.3.1/../../../../arm-none-eabi/lib/thumb/v7-m/nofp\libc_nano.a(libc_a-findfp.o) (__sread)
C:/ST/STM32CubeIDE_1.16.0/STM32CubeIDE/plugins/com.st.stm32cube.ide.mcu.externaltools.gnu-tools-for-stm32.12.3.rel1.win32_1.0.200.202406191623/tools/bin/../lib/gcc/arm-none-eabi/12.3.1/../../../../arm-none-eabi/lib/thumb/v7-m/nofp\libc_nano.a(libc_a-memcmp.o)
                              ./Core/Src/oled.o (memcmp)
C:/ST/STM32CubeIDE_1.16.0/STM32CubeIDE/plugins/com.st.stm32cube.ide.mcu.externaltools.gnu-tools-for-stm32.12.3.rel1.win32_1.0.200.202406191623/tools/bin/../lib/gcc/arm-none-eabi/12.3.1/../../../../arm-none-eabi/lib/thumb/v7-m/nofp\libc_nano.a(libc_a-memset.o)
                              C:/ST/STM32CubeIDE_1.16.0/STM32CubeIDE/plugins/com.st.stm32cube.ide.mcu.externaltools.gnu-tools-for-stm32.12.3.rel1.win32_1.0.200.202406191623/tools/bin/../lib/gcc/arm-none-eabi/12.3.1/../../../../arm-none-eabi/lib/thumb/v7-m/nofp/crt0.o (memset)
C:/ST/STM32CubeIDE_1.16.0/STM32CubeIDE/plugins/com.st.stm32cube.ide.mcu.externaltools.gnu-tools-for-stm32.12.3.rel1.win32_1.0.200.202406191623/tools/bin/../lib/gcc/arm-none-eabi/12.3.1/../../../../arm-none-eabi/lib/thumb/v7-m/nofp\libc_nano.a(libc_a-closer.o)
                              C:/ST/STM32CubeIDE_1.16.0/STM32CubeIDE/plugins/com.st.stm32cube.ide.mcu.externaltools.gnu-tools-for-stm32.12.3.rel1.win32_1.0.200.202406191623/tools/bin/../lib/gcc/arm-none-eabi/12.3.1/../../../../arm-none-eabi/lib/thumb/v7-m/nofp\libc_nano.a(libc_a-stdio.o) (_close_r)
C:/ST/STM32CubeIDE_1.16.0/STM32CubeIDE/plugins/com.st.stm32cube.ide.mcu.externaltools.gnu-tools-for-stm32.12.3.rel1.win32_1.0.200.202406191623/tools/bin/../lib/gcc/arm-none-eabi/12.3.1/../../../../arm-none-eabi/lib/thumb/v7-m/nofp\libc_nano.a(libc_a-reent.o)
                              C:/ST/STM32CubeIDE_1.16.0/STM32CubeIDE/plugins/com.st.stm32cube.ide.mcu.externaltools.gnu-tools-for-stm32.12.3.rel1.win32_1.0.200.202406191623/tools/bin/../lib/gcc/arm-none-eabi/12.3.1/../../../../arm-none-eabi/lib/thumb/v7-m/nofp\libc_nano.a(libc_a-closer.o) (errno)
C:/ST/STM32CubeIDE_1.16.0/STM32CubeIDE/plugins/com.st.stm32cube.ide.mcu.externaltools.gnu-tools-for-stm32.12.3.rel1.win32_1.0.200.202406191623/tools/bin/../lib/gcc/arm-none-eabi/12.3.1/../../../../arm-none-eabi/lib/thumb/v7-m/nofp\libc_nano.a(libc_a-impure.o)
                              C:/ST/STM32CubeIDE_1.16.0/STM32CubeIDE/plugins/com.st.stm32cube.ide.mcu.externaltools.gnu-tools-for-stm32.12.3.rel1.win32_1.0.200.202406191623/tools/bin/../lib/gcc/arm-none-eabi/12.3.1/../../../../arm-none-eabi/lib/thumb/v7-m/nofp\libc_nano.a(libc_a-reent.o) (_impure_ptr)
[...]
Memory Configuration

Name             Origin             Length             Attributes
RAM              0x20000000         0x00005000         xrw
FLASH            0x08000000         0x00010000         xr
*default*        0x00000000         0xffffffff

Linker script and memory map

LOAD C:/ST/STM32CubeIDE_1.16.0/STM32CubeIDE/plugins/com.st.stm32cube.ide.mcu.externaltools.gnu-tools-for-stm32.12.3.rel1.win32_1.0.200.202406191623/tools/bin/../lib/gcc/arm-none-eabi/12.3.1/thumb/v7-m/nofp/crti.o
LOAD C:/ST/STM32CubeIDE_1.16.0/STM32CubeIDE/plugins/com.st.stm32cube.ide.mcu.externaltools.gnu-tools-for-stm32.12.3.rel1.win32_1.0.200.202406191623/tools/bin/../lib/gcc/arm-none-eabi/12.3.1/thumb/v7-m/nofp/crtbegin.o
LOAD C:/ST/STM32CubeIDE_1.16.0/STM32CubeIDE/plugins/com.st.stm32cube.ide.mcu.externaltools.gnu-tools-for-stm32.12.3.rel1.win32_1.0.200.202406191623/tools/bin/../lib/gcc/arm-none-eabi/12.3.1/../../../../arm-none-eabi/lib/thumb/v7-m/nofp/crt0.o
LOAD ./Core/Src/font.o
LOAD ./Core/Src/gpio.o
LOAD ./Core/Src/i2c.o
LOAD ./Core/Src/main.o
LOAD ./Core/Src/oled.o
LOAD ./Core/Src/stm32f1xx_hal_msp.o
LOAD ./Core/Src/stm32f1xx_it.o
LOAD ./Core/Src/syscalls.o
LOAD ./Core/Src/sysmem.o
LOAD ./Core/Src/system_stm32f1xx.o
LOAD ./Core/Startup/startup_stm32f103c8tx.o
LOAD ./Drivers/STM32F1xx_HAL_Driver/Src/stm32f1xx_hal.o
LOAD ./Drivers/STM32F1xx_HAL_Driver/Src/stm32f1xx_hal_cortex.o
LOAD ./Drivers/STM32F1xx_HAL_Driver/Src/stm32f1xx_hal_dma.o
LOAD ./Drivers/STM32F1xx_HAL_Driver/Src/stm32f1xx_hal_exti.o
LOAD ./Drivers/STM32F1xx_HAL_Driver/Src/stm32f1xx_hal_flash.o
LOAD ./Drivers/STM32F1xx_HAL_Driver/Src/stm32f1xx_hal_flash_ex.o
LOAD ./Drivers/STM32F1xx_HAL_Driver/Src/stm32f1xx_hal_gpio.o
LOAD ./Drivers/STM32F1xx_HAL_Driver/Src/stm32f1xx_hal_gpio_ex.o
LOAD ./Drivers/STM32F1xx_HAL_Driver/Src/stm32f1xx_hal_i2c.o
LOAD ./Drivers/STM32F1xx_HAL_Driver/Src/stm32f1xx_hal_pwr.o
LOAD ./Drivers/STM32F1xx_HAL_Driver/Src/stm32f1xx_hal_rcc.o
LOAD ./Drivers/STM32F1xx_HAL_Driver/Src/stm32f1xx_hal_rcc_ex.o
LOAD ./Drivers/STM32F1xx_HAL_Driver/Src/stm32f1xx_hal_tim.o
LOAD ./Drivers/STM32F1xx_HAL_Driver/Src/stm32f1xx_hal_tim_ex.o
START GROUP
LOAD C:/ST/STM32CubeIDE_1.16.0/STM32CubeIDE/plugins/com.st.stm32cube.ide.mcu.externaltools.gnu-tools-for-stm32.12.3.rel1.win32_1.0.200.202406191623/tools/bin/../lib/gcc/arm-none-eabi/12.3.1/../../../../arm-none-eabi/lib/thumb/v7-m/nofp\libc_nano.a
LOAD C:/ST/STM32CubeIDE_1.16.0/STM32CubeIDE/plugins/com.st.stm32cube.ide.mcu.externaltools.gnu-tools-for-stm32.12.3.rel1.win32_1.0.200.202406191623/tools/bin/../lib/gcc/arm-none-eabi/12.3.1/../../../../arm-none-eabi/lib/thumb/v7-m/nofp\libm.a
END GROUP
START GROUP
LOAD C:/ST/STM32CubeIDE_1.16.0/STM32CubeIDE/plugins/com.st.stm32cube.ide.mcu.externaltools.gnu-tools-for-stm32.12.3.rel1.win32_1.0.200.202406191623/tools/bin/../lib/gcc/arm-none-eabi/12.3.1/thumb/v7-m/nofp\libgcc.a
LOAD C:/ST/STM32CubeIDE_1.16.0/STM32CubeIDE/plugins/com.st.stm32cube.ide.mcu.externaltools.gnu-tools-for-stm32.12.3.rel1.win32_1.0.200.202406191623/tools/bin/../lib/gcc/arm-none-eabi/12.3.1/../../../../arm-none-eabi/lib/thumb/v7-m/nofp\libc_nano.a
END GROUP
START GROUP
LOAD C:/ST/STM32CubeIDE_1.16.0/STM32CubeIDE/plugins/com.st.stm32cube.ide.mcu.externaltools.gnu-tools-for-stm32.12.3.rel1.win32_1.0.200.202406191623/tools/bin/../lib/gcc/arm-none-eabi/12.3.1/thumb/v7-m/nofp\libgcc.a
LOAD C:/ST/STM32CubeIDE_1.16.0/STM32CubeIDE/plugins/com.st.stm32cube.ide.mcu.externaltools.gnu-tools-for-stm32.12.3.rel1.win32_1.0.200.202406191623/tools/bin/../lib/gcc/arm-none-eabi/12.3.1/../../../../arm-none-eabi/lib/thumb/v7-m/nofp\libc_nano.a
LOAD C:/ST/STM32CubeIDE_1.16.0/STM32CubeIDE/plugins/com.st.stm32cube.ide.mcu.externaltools.gnu-tools-for-stm32.12.3.rel1.win32_1.0.200.202406191623/tools/bin/../lib/gcc/arm-none-eabi/12.3.1/../../../../arm-none-eabi/lib/thumb/v7-m/nofp\libnosys.a
END GROUP
START GROUP
LOAD C:/ST/STM32CubeIDE_1.16.0/STM32CubeIDE/plugins/com.st.stm32cube.ide.mcu.externaltools.gnu-tools-for-stm32.12.3.rel1.win32_1.0.200.202406191623/tools/bin/../lib/gcc/arm-none-eabi/12.3.1/thumb/v7-m/nofp\libgcc.a
LOAD C:/ST/STM32CubeIDE_1.16.0/STM32CubeIDE/plugins/com.st.stm32cube.ide.mcu.externaltools.gnu-tools-for-stm32.12.3.rel1.win32_1.0.200.202406191623/tools/bin/../lib/gcc/arm-none-eabi/12.3.1/../../../../arm-none-eabi/lib/thumb/v7-m/nofp\libc_nano.a
LOAD C:/ST/STM32CubeIDE_1.16.0/STM32CubeIDE/plugins/com.st.stm32cube.ide.mcu.externaltools.gnu-tools-for-stm32.12.3.rel1.win32_1.0.200.202406191623/tools/bin/../lib/gcc/arm-none-eabi/12.3.1/../../../../arm-none-eabi/lib/thumb/v7-m/nofp\libnosys.a
END GROUP
LOAD C:/ST/STM32CubeIDE_1.16.0/STM32CubeIDE/plugins/com.st.stm32cube.ide.mcu.externaltools.gnu-tools-for-stm32.12.3.rel1.win32_1.0.200.202406191623/tools/bin/../lib/gcc/arm-none-eabi/12.3.1/thumb/v7-m/nofp/crtend.o
LOAD C:/ST/STM32CubeIDE_1.16.0/STM32CubeIDE/plugins/com.st.stm32cube.ide.mcu.externaltools.gnu-tools-for-stm32.12.3.rel1.win32_1.0.200.202406191623/tools/bin/../lib/gcc/arm-none-eabi/12.3.1/thumb/v7-m/nofp/crtn.o
                0x20005000                        _estack = (ORIGIN (RAM) + LENGTH (RAM))
                0x00000200                        _Min_Heap_Size = 0x200
                0x00000400                        _Min_Stack_Size = 0x400

.isr_vector     0x08000000      0x10c
                0x08000000                        . = ALIGN (0x4)
 *(.isr_vector)
 .isr_vector    0x08000000      0x10c ./Core/Startup/startup_stm32f103c8tx.o
                0x08000000                g_pfnVectors
                0x0800010c                        . = ALIGN (0x4)

.text           0x0800010c     0x2220
                0x0800010c                        . = ALIGN (0x4)
 *(.text)
 .text          0x0800010c       0x40 C:/ST/STM32CubeIDE_1.16.0/STM32CubeIDE/plugins/com.st.stm32cube.ide.mcu.externaltools.gnu-tools-for-stm32.12.3.rel1.win32_1.0.200.202406191623/tools/bin/../lib/gcc/arm-none-eabi/12.3.1/thumb/v7-m/nofp/crtbegin.o
 *(.text*)
 .text.MX_GPIO_Init
                0x0800014c       0x5c ./Core/Src/gpio.o
                0x0800014c                MX_GPIO_Init
 .text.MX_I2C1_Init
                0x080001a8       0x5c ./Core/Src/i2c.o
                0x080001a8                MX_I2C1_Init
 .text.HAL_I2C_MspInit
                0x08000204       0x7c ./Core/Src/i2c.o
                0x08000204                HAL_I2C_MspInit
 .text.main     0x08000280       0x78 ./Core/Src/main.o
                0x08000280                main
 .text.SystemClock_Config
                0x080002f8       0x8a ./Core/Src/main.o
                0x080002f8                SystemClock_Config
 .text.Error_Handler
                0x08000382        0xc ./Core/Src/main.o
                0x08000382                Error_Handler
 *fill*         0x0800038e        0x2 
 .text.OLED_Send
                0x08000390       0x2c ./Core/Src/oled.o
                0x08000390                OLED_Send
 .text.OLED_SendCmd
                0x080003bc       0x24 ./Core/Src/oled.o
                0x080003bc                OLED_SendCmd
 .text.OLED_Init
                0x080003e0       0xac ./Core/Src/oled.o
                0x080003e0                OLED_Init
 .text.OLED_NewFrame
                0x0800048c       0x18 ./Core/Src/oled.o
                0x0800048c                OLED_NewFrame
 .text.OLED_ShowFrame
                0x080004a4       0x68 ./Core/Src/oled.o
                0x080004a4                OLED_ShowFrame
 .text.OLED_SetByte_Fine
                0x0800050c       0xf8 ./Core/Src/oled.o
                0x0800050c                OLED_SetByte_Fine
 .text.OLED_SetBits_Fine
                0x08000604       0xbe ./Core/Src/oled.o
                0x08000604                OLED_SetBits_Fine
 .text.OLED_SetBits
                0x080006c2       0x82 ./Core/Src/oled.o
                0x080006c2                OLED_SetBits
 .text.OLED_SetBlock
                0x08000744       0xe2 ./Core/Src/oled.o
                0x08000744                OLED_SetBlock
 .text.OLED_DrawImage
                0x08000826       0x3c ./Core/Src/oled.o
                0x08000826                OLED_DrawImage
 .text.OLED_PrintASCIIChar
                0x08000862       0x5e ./Core/Src/oled.o
                0x08000862                OLED_PrintASCIIChar
 .text._OLED_GetUTF8Len
                0x080008c0       0x52 ./Core/Src/oled.o
                0x080008c0                _OLED_GetUTF8Len
 .text.OLED_PrintString
                0x08000912      0x14c ./Core/Src/oled.o
                0x08000912                OLED_PrintString
 *fill*         0x08000a5e        0x2 
 .text.HAL_MspInit
                0x08000a60       0x64 ./Core/Src/stm32f1xx_hal_msp.o
                0x08000a60                HAL_MspInit
 .text.NMI_Handler
                0x08000ac4        0x8 ./Core/Src/stm32f1xx_it.o
                0x08000ac4                NMI_Handler
 .text.HardFault_Handler
                0x08000acc        0x8 ./Core/Src/stm32f1xx_it.o
                0x08000acc                HardFault_Handler
 .text.MemManage_Handler
                0x08000ad4        0x8 ./Core/Src/stm32f1xx_it.o
                0x08000ad4                MemManage_Handler
 .text.BusFault_Handler
                0x08000adc        0x8 ./Core/Src/stm32f1xx_it.o
                0x08000adc                BusFault_Handler
 .text.UsageFault_Handler
                0x08000ae4        0x8 ./Core/Src/stm32f1xx_it.o
                0x08000ae4                UsageFault_Handler
 .text.SVC_Handler
                0x08000aec        0xc ./Core/Src/stm32f1xx_it.o
                0x08000aec                SVC_Handler
 .text.DebugMon_Handler
                0x08000af8        0xc ./Core/Src/stm32f1xx_it.o
                0x08000af8                DebugMon_Handler
 .text.PendSV_Handler
                0x08000b04        0xc ./Core/Src/stm32f1xx_it.o
                0x08000b04                PendSV_Handler
 .text.SysTick_Handler
                0x08000b10        0xc ./Core/Src/stm32f1xx_it.o
                0x08000b10                SysTick_Handler
 .text.SystemInit
                0x08000b1c        0xc ./Core/Src/system_stm32f1xx.o
                0x08000b1c                SystemInit
 .text.Reset_Handler
                0x08000b28       0x48 ./Core/Startup/startup_stm32f103c8tx.o
                0x08000b28                Reset_Handler
 .text.Default_Handler
                0x08000b70        0x2 ./Core/Startup/startup_stm32f103c8tx.o
                0x08000b70                RTC_Alarm_IRQHandler
                0x08000b70                EXTI2_IRQHandler
                0x08000b70                TIM1_CC_IRQHandler
                0x08000b70                PVD_IRQHandler
                0x08000b70                EXTI3_IRQHandler
                0x08000b70                EXTI0_IRQHandler
                0x08000b70                I2C2_EV_IRQHandler
                0x08000b70                ADC1_2_IRQHandler
                0x08000b70                SPI1_IRQHandler
                0x08000b70                TAMPER_IRQHandler
                0x08000b70                DMA1_Channel4_IRQHandler
                0x08000b70                USART3_IRQHandler
                0x08000b70                RTC_IRQHandler
                0x08000b70                DMA1_Channel7_IRQHandler
                0x08000b70                CAN1_RX1_IRQHandler
                0x08000b70                TIM4_IRQHandler
                0x08000b70                I2C1_EV_IRQHandler
                0x08000b70                DMA1_Channel6_IRQHandler
                0x08000b70                TIM3_IRQHandler
                0x08000b70                RCC_IRQHandler
                0x08000b70                TIM1_TRG_COM_IRQHandler
                0x08000b70                DMA1_Channel1_IRQHandler
                0x08000b70                Default_Handler
                0x08000b70                EXTI15_10_IRQHandler
                0x08000b70                EXTI9_5_IRQHandler
                0x08000b70                SPI2_IRQHandler
                0x08000b70                DMA1_Channel5_IRQHandler
                0x08000b70                EXTI4_IRQHandler
                0x08000b70                USB_LP_CAN1_RX0_IRQHandler
                0x08000b70                USB_HP_CAN1_TX_IRQHandler
                0x08000b70                DMA1_Channel3_IRQHandler
                0x08000b70                TIM1_UP_IRQHandler
                0x08000b70                WWDG_IRQHandler
                0x08000b70                TIM2_IRQHandler
                0x08000b70                TIM1_BRK_IRQHandler
                0x08000b70                EXTI1_IRQHandler
                0x08000b70                USART2_IRQHandler
                0x08000b70                I2C2_ER_IRQHandler
                0x08000b70                DMA1_Channel2_IRQHandler
                0x08000b70                CAN1_SCE_IRQHandler
                0x08000b70                FLASH_IRQHandler
                0x08000b70                USART1_IRQHandler
                0x08000b70                I2C1_ER_IRQHandler
                0x08000b70                USBWakeUp_IRQHandler
 *fill*         0x08000b72        0x2 
 .text.HAL_Init
                0x08000b74       0x2c ./Drivers/STM32F1xx_HAL_Driver/Src/stm32f1xx_hal.o
                0x08000b74                HAL_Init
 .text.HAL_InitTick
                0x08000ba0       0x60 ./Drivers/STM32F1xx_HAL_Driver/Src/stm32f1xx_hal.o
                0x08000ba0                HAL_InitTick
 .text.HAL_IncTick
                0x08000c00       0x24 ./Drivers/STM32F1xx_HAL_Driver/Src/stm32f1xx_hal.o
                0x08000c00                HAL_IncTick
 .text.HAL_GetTick
                0x08000c24       0x14 ./Drivers/STM32F1xx_HAL_Driver/Src/stm32f1xx_hal.o
                0x08000c24                HAL_GetTick
 .text.HAL_Delay
                0x08000c38       0x48 ./Drivers/STM32F1xx_HAL_Driver/Src/stm32f1xx_hal.o
                0x08000c38                HAL_Delay
 .text.__NVIC_SetPriorityGrouping
                0x08000c80       0x48 ./Drivers/STM32F1xx_HAL_Driver/Src/stm32f1xx_hal_cortex.o
 .text.__NVIC_GetPriorityGrouping
                0x08000cc8       0x1c ./Drivers/STM32F1xx_HAL_Driver/Src/stm32f1xx_hal_cortex.o
 .text.__NVIC_SetPriority
                0x08000ce4       0x54 ./Drivers/STM32F1xx_HAL_Driver/Src/stm32f1xx_hal_cortex.o
 .text.NVIC_EncodePriority
                0x08000d38       0x64 ./Drivers/STM32F1xx_HAL_Driver/Src/stm32f1xx_hal_cortex.o
 .text.SysTick_Config
                0x08000d9c       0x44 ./Drivers/STM32F1xx_HAL_Driver/Src/stm32f1xx_hal_cortex.o
 .text.HAL_NVIC_SetPriorityGrouping
                0x08000de0       0x16 ./Drivers/STM32F1xx_HAL_Driver/Src/stm32f1xx_hal_cortex.o
                0x08000de0                HAL_NVIC_SetPriorityGrouping
 .text.HAL_NVIC_SetPriority
                0x08000df6       0x38 ./Drivers/STM32F1xx_HAL_Driver/Src/stm32f1xx_hal_cortex.o
                0x08000df6                HAL_NVIC_SetPriority
 .text.HAL_SYSTICK_Config
                0x08000e2e       0x18 ./Drivers/STM32F1xx_HAL_Driver/Src/stm32f1xx_hal_cortex.o
                0x08000e2e                HAL_SYSTICK_Config
 *fill*         0x08000e46        0x2 
 .text.HAL_GPIO_Init
                0x08000e48      0x308 ./Drivers/STM32F1xx_HAL_Driver/Src/stm32f1xx_hal_gpio.o
                0x08000e48                HAL_GPIO_Init
 .text.HAL_I2C_Init
                0x08001150      0x288 ./Drivers/STM32F1xx_HAL_Driver/Src/stm32f1xx_hal_i2c.o
                0x08001150                HAL_I2C_Init
 .text.HAL_I2C_Master_Transmit
                0x080013d8      0x1fc ./Drivers/STM32F1xx_HAL_Driver/Src/stm32f1xx_hal_i2c.o
                0x080013d8                HAL_I2C_Master_Transmit
 .text.I2C_MasterRequestWrite
                0x080015d4      0x104 ./Drivers/STM32F1xx_HAL_Driver/Src/stm32f1xx_hal_i2c.o
 .text.I2C_WaitOnFlagUntilTimeout
                0x080016d8       0xf4 ./Drivers/STM32F1xx_HAL_Driver/Src/stm32f1xx_hal_i2c.o
 .text.I2C_WaitOnMasterAddressFlagUntilTimeout
                0x080017cc      0x140 ./Drivers/STM32F1xx_HAL_Driver/Src/stm32f1xx_hal_i2c.o
 .text.I2C_WaitOnTXEFlagUntilTimeout
                0x0800190c       0x90 ./Drivers/STM32F1xx_HAL_Driver/Src/stm32f1xx_hal_i2c.o
 .text.I2C_WaitOnBTFFlagUntilTimeout
                0x0800199c       0x90 ./Drivers/STM32F1xx_HAL_Driver/Src/stm32f1xx_hal_i2c.o
 .text.I2C_IsAcknowledgeFailed
                0x08001a2c       0x5c ./Drivers/STM32F1xx_HAL_Driver/Src/stm32f1xx_hal_i2c.o
 .text.HAL_RCC_OscConfig
                0x08001a88      0x504 ./Drivers/STM32F1xx_HAL_Driver/Src/stm32f1xx_hal_rcc.o
                0x08001a88                HAL_RCC_OscConfig
 .text.HAL_RCC_ClockConfig
                0x08001f8c      0x1d4 ./Drivers/STM32F1xx_HAL_Driver/Src/stm32f1xx_hal_rcc.o
                0x08001f8c                HAL_RCC_ClockConfig
 .text.HAL_RCC_GetSysClockFreq
                0x08002160       0xa8 ./Drivers/STM32F1xx_HAL_Driver/Src/stm32f1xx_hal_rcc.o
                0x08002160                HAL_RCC_GetSysClockFreq
 .text.HAL_RCC_GetHCLKFreq
                0x08002208       0x14 ./Drivers/STM32F1xx_HAL_Driver/Src/stm32f1xx_hal_rcc.o
                0x08002208                HAL_RCC_GetHCLKFreq
 .text.HAL_RCC_GetPCLK1Freq
                0x0800221c       0x28 ./Drivers/STM32F1xx_HAL_Driver/Src/stm32f1xx_hal_rcc.o
                0x0800221c                HAL_RCC_GetPCLK1Freq
 .text.RCC_Delay
                0x08002244       0x3c ./Drivers/STM32F1xx_HAL_Driver/Src/stm32f1xx_hal_rcc.o
 .text.memcmp   0x08002280       0x20 C:/ST/STM32CubeIDE_1.16.0/STM32CubeIDE/plugins/com.st.stm32cube.ide.mcu.externaltools.gnu-tools-for-stm32.12.3.rel1.win32_1.0.200.202406191623/tools/bin/../lib/gcc/arm-none-eabi/12.3.1/../../../../arm-none-eabi/lib/thumb/v7-m/nofp\libc_nano.a(libc_a-memcmp.o)
                0x08002280                memcmp
 .text.memset   0x080022a0       0x10 C:/ST/STM32CubeIDE_1.16.0/STM32CubeIDE/plugins/com.st.stm32cube.ide.mcu.externaltools.gnu-tools-for-stm32.12.3.rel1.win32_1.0.200.202406191623/tools/bin/../lib/gcc/arm-none-eabi/12.3.1/../../../../arm-none-eabi/lib/thumb/v7-m/nofp\libc_nano.a(libc_a-memset.o)
                0x080022a0                memset
 .text.__libc_init_array
                0x080022b0       0x48 C:/ST/STM32CubeIDE_1.16.0/STM32CubeIDE/plugins/com.st.stm32cube.ide.mcu.externaltools.gnu-tools-for-stm32.12.3.rel1.win32_1.0.200.202406191623/tools/bin/../lib/gcc/arm-none-eabi/12.3.1/../../../../arm-none-eabi/lib/thumb/v7-m/nofp\libc_nano.a(libc_a-init.o)
                0x080022b0                __libc_init_array
 .text.memcpy   0x080022f8       0x1c C:/ST/STM32CubeIDE_1.16.0/STM32CubeIDE/plugins/com.st.stm32cube.ide.mcu.externaltools.gnu-tools-for-stm32.12.3.rel1.win32_1.0.200.202406191623/tools/bin/../lib/gcc/arm-none-eabi/12.3.1/../../../../arm-none-eabi/lib/thumb/v7-m/nofp\libc_nano.a(libc_a-memcpy-stub.o)
                0x080022f8                memcpy
 *(.glue_7)
 .glue_7        0x08002314        0x0 linker stubs
 *(.glue_7t)
 .glue_7t       0x08002314        0x0 linker stubs
 *(.eh_frame)
 .eh_frame      0x08002314        0x0 C:/ST/STM32CubeIDE_1.16.0/STM32CubeIDE/plugins/com.st.stm32cube.ide.mcu.externaltools.gnu-tools-for-stm32.12.3.rel1.win32_1.0.200.202406191623/tools/bin/../lib/gcc/arm-none-eabi/12.3.1/thumb/v7-m/nofp/crtbegin.o
 *(.init)
 .init          0x08002314        0x4 C:/ST/STM32CubeIDE_1.16.0/STM32CubeIDE/plugins/com.st.stm32cube.ide.mcu.externaltools.gnu-tools-for-stm32.12.3.rel1.win32_1.0.200.202406191623/tools/bin/../lib/gcc/arm-none-eabi/12.3.1/thumb/v7-m/nofp/crti.o
                0x08002314                _init
 .init          0x08002318        0x8 C:/ST/STM32CubeIDE_1.16.0/STM32CubeIDE/plugins/com.st.stm32cube.ide.mcu.externaltools.gnu-tools-for-stm32.12.3.rel1.win32_1.0.200.202406191623/tools/bin/../lib/gcc/arm-none-eabi/12.3.1/thumb/v7-m/nofp/crtn.o
 *(.fini)
 .fini          0x08002320        0x4 C:/ST/STM32CubeIDE_1.16.0/STM32CubeIDE/plugins/com.st.stm32cube.ide.mcu.externaltools.gnu-tools-for-stm32.12.3.rel1.win32_1.0.200.202406191623/tools/bin/../lib/gcc/arm-none-eabi/12.3.1/thumb/v7-m/nofp/crti.o
                0x08002320                _fini
 .fini          0x08002324        0x8 C:/ST/STM32CubeIDE_1.16.0/STM32CubeIDE/plugins/com.st.stm32cube.ide.mcu.externaltools.gnu-tools-for-stm32.12.3.rel1.win32_1.0.200.202406191623/tools/bin/../lib/gcc/arm-none-eabi/12.3.1/thumb/v7-m/nofp/crtn.o
                0x0800232c                        . = ALIGN (0x4)
                0x0800232c                        _etext = .

.vfp11_veneer   0x0800232c        0x0
 .vfp11_veneer  0x0800232c        0x0 linker stubs

.v4_bx          0x0800232c        0x0
 .v4_bx         0x0800232c        0x0 linker stubs

.iplt           0x0800232c        0x0
 .iplt          0x0800232c        0x0 C:/ST/STM32CubeIDE_1.16.0/STM32CubeIDE/plugins/com.st.stm32cube.ide.mcu.externaltools.gnu-tools-for-stm32.12.3.rel1.win32_1.0.200.202406191623/tools/bin/../lib/gcc/arm-none-eabi/12.3.1/thumb/v7-m/nofp/crtbegin.o

.rodata         0x0800232c      0x8c0
                0x0800232c                        . = ALIGN (0x4)
 *(.rodata)
 .rodata        0x0800232c        0xf ./Core/Src/main.o
 *(.rodata*)
 *fill*         0x0800233b        0x1 
 .rodata.ascii_16x8
                0x0800233c      0x5f0 ./Core/Src/font.o
                0x0800233c                ascii_16x8
 .rodata.afont16x8
                0x0800292c        0x8 ./Core/Src/font.o
                0x0800292c                afont16x8
 .rodata.zh16x16
                0x08002934       0xb4 ./Core/Src/font.o
                0x08002934                zh16x16
 .rodata.font16x16
                0x080029e8       0x10 ./Core/Src/font.o
                0x080029e8                font16x16
 .rodata.rayData
                0x080029f8      0x1c0 ./Core/Src/font.o
                0x080029f8                rayData
 .rodata.rayImg
                0x08002bb8        0x8 ./Core/Src/font.o
                0x08002bb8                rayImg
 .rodata.AHBPrescTable
                0x08002bc0       0x10 ./Core/Src/system_stm32f1xx.o
                0x08002bc0                AHBPrescTable
 .rodata.APBPrescTable
                0x08002bd0        0x8 ./Core/Src/system_stm32f1xx.o
                0x08002bd0                APBPrescTable
 .rodata.aPLLMULFactorTable.1
                0x08002bd8       0x10 ./Drivers/STM32F1xx_HAL_Driver/Src/stm32f1xx_hal_rcc.o
 .rodata.aPredivFactorTable.0
                0x08002be8        0x2 ./Drivers/STM32F1xx_HAL_Driver/Src/stm32f1xx_hal_rcc.o
                0x08002bec                        . = ALIGN (0x4)
 *fill*         0x08002bea        0x2 

.ARM.extab      0x08002bec        0x0
                0x08002bec                        . = ALIGN (0x4)
 *(.ARM.extab* .gnu.linkonce.armextab.*)
                0x08002bec                        . = ALIGN (0x4)

.ARM            0x08002bec        0x0
                0x08002bec                        . = ALIGN (0x4)
                0x08002bec                        __exidx_start = .
 *(.ARM.exidx*)
                0x08002bec                        __exidx_end = .
                0x08002bec                        . = ALIGN (0x4)

.preinit_array  0x08002bec        0x0
                0x08002bec                        . = ALIGN (0x4)
                0x08002bec                        PROVIDE (__preinit_array_start = .)
 *(.preinit_array*)
                0x08002bec                        PROVIDE (__preinit_array_end = .)
                0x08002bec                        . = ALIGN (0x4)

.init_array     0x08002bec        0x4
                0x08002bec                        . = ALIGN (0x4)
                0x08002bec                        PROVIDE (__init_array_start = .)
 *(SORT_BY_NAME(.init_array.*))
 *(.init_array*)
 .init_array    0x08002bec        0x4 C:/ST/STM32CubeIDE_1.16.0/STM32CubeIDE/plugins/com.st.stm32cube.ide.mcu.externaltools.gnu-tools-for-stm32.12.3.rel1.win32_1.0.200.202406191623/tools/bin/../lib/gcc/arm-none-eabi/12.3.1/thumb/v7-m/nofp/crtbegin.o
                0x08002bf0                        PROVIDE (__init_array_end = .)
                0x08002bf0                        . = ALIGN (0x4)

.fini_array     0x08002bf0        0x4
                0x08002bf0                        . = ALIGN (0x4)
                [!provide]                        PROVIDE (__fini_array_start = .)
 *(SORT_BY_NAME(.fini_array.*))
 *(.fini_array*)
 .fini_array    0x08002bf0        0x4 C:/ST/STM32CubeIDE_1.16.0/STM32CubeIDE/plugins/com.st.stm32cube.ide.mcu.externaltools.gnu-tools-for-stm32.12.3.rel1.win32_1.0.200.202406191623/tools/bin/../lib/gcc/arm-none-eabi/12.3.1/thumb/v7-m/nofp/crtbegin.o
                [!provide]                        PROVIDE (__fini_array_end = .)
                0x08002bf4                        . = ALIGN (0x4)
                0x08002bf4                        _sidata = LOADADDR (.data)

.rel.dyn        0x08002bf4        0x0
 .rel.iplt      0x08002bf4        0x0 C:/ST/STM32CubeIDE_1.16.0/STM32CubeIDE/plugins/com.st.stm32cube.ide.mcu.externaltools.gnu-tools-for-stm32.12.3.rel1.win32_1.0.200.202406191623/tools/bin/../lib/gcc/arm-none-eabi/12.3.1/thumb/v7-m/nofp/crtbegin.o

.data           0x20000000        0xc load address 0x08002bf4
                0x20000000                        . = ALIGN (0x4)
                0x20000000                        _sdata = .
 *(.data)
 *(.data*)
 .data.SystemCoreClock
                0x20000000        0x4 ./Core/Src/system_stm32f1xx.o
                0x20000000                SystemCoreClock
 .data.uwTickPrio
                0x20000004        0x4 ./Drivers/STM32F1xx_HAL_Driver/Src/stm32f1xx_hal.o
                0x20000004                uwTickPrio
 .data.uwTickFreq
                0x20000008        0x1 ./Drivers/STM32F1xx_HAL_Driver/Src/stm32f1xx_hal.o
                0x20000008                uwTickFreq
 *(.RamFunc)
 *(.RamFunc*)
                0x2000000c                        . = ALIGN (0x4)
 *fill*         0x20000009        0x3 
                0x2000000c                        _edata = .

.igot.plt       0x2000000c        0x0 load address 0x08002c00
 .igot.plt      0x2000000c        0x0 C:/ST/STM32CubeIDE_1.16.0/STM32CubeIDE/plugins/com.st.stm32cube.ide.mcu.externaltools.gnu-tools-for-stm32.12.3.rel1.win32_1.0.200.202406191623/tools/bin/../lib/gcc/arm-none-eabi/12.3.1/thumb/v7-m/nofp/crtbegin.o
                0x2000000c                        . = ALIGN (0x4)

.bss            0x2000000c      0x4fc load address 0x08002c00
                0x2000000c                        _sbss = .
                0x2000000c                        __bss_start__ = _sbss
 *(.bss)
 .bss           0x2000000c       0x1c C:/ST/STM32CubeIDE_1.16.0/STM32CubeIDE/plugins/com.st.stm32cube.ide.mcu.externaltools.gnu-tools-for-stm32.12.3.rel1.win32_1.0.200.202406191623/tools/bin/../lib/gcc/arm-none-eabi/12.3.1/thumb/v7-m/nofp/crtbegin.o
 *(.bss*)
 .bss.hi2c1     0x20000028       0x54 ./Core/Src/i2c.o
                0x20000028                hi2c1
 .bss.OLED_GRAM
                0x2000007c      0x400 ./Core/Src/oled.o
                0x2000007c                OLED_GRAM
 .bss.sendBuffer.3
                0x2000047c        0x2 ./Core/Src/oled.o
 *fill*         0x2000047e        0x2 
 .bss.sendBuffer.2
                0x20000480       0x81 ./Core/Src/oled.o
 .bss.temp.1    0x20000501        0x1 ./Core/Src/oled.o
 *fill*         0x20000502        0x2 
 .bss.uwTick    0x20000504        0x4 ./Drivers/STM32F1xx_HAL_Driver/Src/stm32f1xx_hal.o
                0x20000504                uwTick
 *(COMMON)
                0x20000508                        . = ALIGN (0x4)
                0x20000508                        _ebss = .
                0x20000508                        __bss_end__ = _ebss

._user_heap_stack
                0x20000508      0x600 load address 0x08002c00
                0x20000508                        . = ALIGN (0x8)
                [!provide]                        PROVIDE (end = .)
                0x20000508                        PROVIDE (_end = .)
                0x20000708                        . = (. + _Min_Heap_Size)
 *fill*         0x20000508      0x200 
                0x20000b08                        . = (. + _Min_Stack_Size)
 *fill*         0x20000708      0x400 
                0x20000b08                        . = ALIGN (0x8)

/DISCARD/
 libc.a(*)
 libm.a(*)
 libgcc.a(*)

.ARM.attributes
                0x00000000       0x29
 *(.ARM.attributes)
 .ARM.attributes
                0x00000000       0x1d C:/ST/STM32CubeIDE_1.16.0/STM32CubeIDE/plugins/com.st.stm32cube.ide.mcu.externaltools.gnu-tools-for-stm32.12.3.rel1.win32_1.0.200.202406191623/tools/bin/../lib/gcc/arm-none-eabi/12.3.1/thumb/v7-m/nofp/crti.o
 .ARM.attributes
                0x0000001d       0x2d C:/ST/STM32CubeIDE_1.16.0/STM32CubeIDE/plugins/com.st.stm32cube.ide.mcu.externaltools.gnu-tools-for-stm32.12.3.rel1.win32_1.0.200.202406191623/tools/bin/../lib/gcc/arm-none-eabi/12.3.1/thumb/v7-m/nofp/crtbegin.o
 .ARM.attributes
                0x0000004a       0x2d ./Core/Src/font.o
 .ARM.attributes
                0x00000077       0x2d ./Core/Src/gpio.o
 .ARM.attributes
                0x000000a4       0x2d ./Core/Src/i2c.o
 .ARM.attributes
                0x000000d1       0x2d ./Core/Src/main.o
 .ARM.attributes
                0x000000fe       0x2d ./Core/Src/oled.o
 .ARM.attributes
                0x0000012b       0x2d ./Core/Src/stm32f1xx_hal_msp.o
 .ARM.attributes
                0x00000158       0x2d ./Core/Src/stm32f1xx_it.o
 .ARM.attributes
                0x00000185       0x2d ./Core/Src/system_stm32f1xx.o
 .ARM.attributes
                0x000001b2       0x21 ./Core/Startup/startup_stm32f103c8tx.o
 .ARM.attributes
                0x000001d3       0x2d ./Drivers/STM32F1xx_HAL_Driver/Src/stm32f1xx_hal.o
 .ARM.attributes
                0x00000200       0x2d ./Drivers/STM32F1xx_HAL_Driver/Src/stm32f1xx_hal_cortex.o
 .ARM.attributes
                0x0000022d       0x2d ./Drivers/STM32F1xx_HAL_Driver/Src/stm32f1xx_hal_gpio.o
 .ARM.attributes
                0x0000025a       0x2d ./Drivers/STM32F1xx_HAL_Driver/Src/stm32f1xx_hal_i2c.o
 .ARM.attributes
                0x00000287       0x2d ./Drivers/STM32F1xx_HAL_Driver/Src/stm32f1xx_hal_rcc.o
 .ARM.attributes
                0x000002b4       0x2d C:/ST/STM32CubeIDE_1.16.0/STM32CubeIDE/plugins/com.st.stm32cube.ide.mcu.externaltools.gnu-tools-for-stm32.12.3.rel1.win32_1.0.200.202406191623/tools/bin/../lib/gcc/arm-none-eabi/12.3.1/../../../../arm-none-eabi/lib/thumb/v7-m/nofp\libc_nano.a(libc_a-memcmp.o)
 .ARM.attributes
                0x000002e1       0x2d C:/ST/STM32CubeIDE_1.16.0/STM32CubeIDE/plugins/com.st.stm32cube.ide.mcu.externaltools.gnu-tools-for-stm32.12.3.rel1.win32_1.0.200.202406191623/tools/bin/../lib/gcc/arm-none-eabi/12.3.1/../../../../arm-none-eabi/lib/thumb/v7-m/nofp\libc_nano.a(libc_a-memset.o)
 .ARM.attributes
                0x0000030e       0x2d C:/ST/STM32CubeIDE_1.16.0/STM32CubeIDE/plugins/com.st.stm32cube.ide.mcu.externaltools.gnu-tools-for-stm32.12.3.rel1.win32_1.0.200.202406191623/tools/bin/../lib/gcc/arm-none-eabi/12.3.1/../../../../arm-none-eabi/lib/thumb/v7-m/nofp\libc_nano.a(libc_a-init.o)
 .ARM.attributes
                0x0000033b       0x2d C:/ST/STM32CubeIDE_1.16.0/STM32CubeIDE/plugins/com.st.stm32cube.ide.mcu.externaltools.gnu-tools-for-stm32.12.3.rel1.win32_1.0.200.202406191623/tools/bin/../lib/gcc/arm-none-eabi/12.3.1/../../../../arm-none-eabi/lib/thumb/v7-m/nofp\libc_nano.a(libc_a-memcpy-stub.o)
 .ARM.attributes
                0x00000368       0x1d C:/ST/STM32CubeIDE_1.16.0/STM32CubeIDE/plugins/com.st.stm32cube.ide.mcu.externaltools.gnu-tools-for-stm32.12.3.rel1.win32_1.0.200.202406191623/tools/bin/../lib/gcc/arm-none-eabi/12.3.1/thumb/v7-m/nofp/crtn.o
OUTPUT(proj7_oled.elf elf32-littlearm)
LOAD linker stubs
LOAD C:/ST/STM32CubeIDE_1.16.0/STM32CubeIDE/plugins/com.st.stm32cube.ide.mcu.externaltools.gnu-tools-for-stm32.12.3.rel1.win32_1.0.200.202406191623/tools/bin/../lib/gcc/arm-none-eabi/12.3.1/../../../../arm-none-eabi/lib/thumb/v7-m/nofp\libc.a
LOAD C:/ST/STM32CubeIDE_1.16.0/STM32CubeIDE/plugins/com.st.stm32cube.ide.mcu.externaltools.gnu-tools-for-stm32.12.3.rel1.win32_1.0.200.202406191623/tools/bin/../lib/gcc/arm-none-eabi/12.3.1/../../../../arm-none-eabi/lib/thumb/v7-m/nofp\libm.a
LOAD C:/ST/STM32CubeIDE_1.16.0/STM32CubeIDE/plugins/com.st.stm32cube.ide.mcu.externaltools.gnu-tools-for-stm32.12.3.rel1.win32_1.0.200.202406191623/tools/bin/../lib/gcc/arm-none-eabi/12.3.1/thumb/v7-m/nofp\libgcc.a

.debug_info     0x00000000     0x6d4f
 .debug_info    0x00000000      0x387 ./Core/Src/font.o
 .debug_info    0x00000387      0x184 ./Core/Src/gpio.o
 .debug_info    0x0000050b      0x7e3 ./Core/Src/i2c.o
 .debug_info    0x00000cee      0x48a ./Core/Src/main.o
 .debug_info    0x00001178     0x1252 ./Core/Src/oled.o
 .debug_info    0x000023ca      0x1f1 ./Core/Src/stm32f1xx_hal_msp.o
 .debug_info    0x000025bb      0x113 ./Core/Src/stm32f1xx_it.o
 .debug_info    0x000026ce      0x222 ./Core/Src/system_stm32f1xx.o
 .debug_info    0x000028f0       0x30 ./Core/Startup/startup_stm32f103c8tx.o
 .debug_info    0x00002920      0x704 ./Drivers/STM32F1xx_HAL_Driver/Src/stm32f1xx_hal.o
 .debug_info    0x00003024      0xa87 ./Drivers/STM32F1xx_HAL_Driver/Src/stm32f1xx_hal_cortex.o
 .debug_info    0x00003aab      0x5ab ./Drivers/STM32F1xx_HAL_Driver/Src/stm32f1xx_hal_gpio.o
 .debug_info    0x00004056     0x2524 ./Drivers/STM32F1xx_HAL_Driver/Src/stm32f1xx_hal_i2c.o
 .debug_info    0x0000657a      0x7d5 ./Drivers/STM32F1xx_HAL_Driver/Src/stm32f1xx_hal_rcc.o

.debug_abbrev   0x00000000     0x1756
 .debug_abbrev  0x00000000       0xf9 ./Core/Src/font.o
 .debug_abbrev  0x000000f9       0xc6 ./Core/Src/gpio.o
 .debug_abbrev  0x000001bf      0x1de ./Core/Src/i2c.o
 .debug_abbrev  0x0000039d      0x203 ./Core/Src/main.o
 .debug_abbrev  0x000005a0      0x2ec ./Core/Src/oled.o
 .debug_abbrev  0x0000088c       0xdb ./Core/Src/stm32f1xx_hal_msp.o
 .debug_abbrev  0x00000967       0x73 ./Core/Src/stm32f1xx_it.o
 .debug_abbrev  0x000009da      0x13f ./Core/Src/system_stm32f1xx.o
 .debug_abbrev  0x00000b19       0x24 ./Core/Startup/startup_stm32f103c8tx.o
 .debug_abbrev  0x00000b3d      0x201 ./Drivers/STM32F1xx_HAL_Driver/Src/stm32f1xx_hal.o
 .debug_abbrev  0x00000d3e      0x2f8 ./Drivers/STM32F1xx_HAL_Driver/Src/stm32f1xx_hal_cortex.o
 .debug_abbrev  0x00001036      0x1ca ./Drivers/STM32F1xx_HAL_Driver/Src/stm32f1xx_hal_gpio.o
 .debug_abbrev  0x00001200      0x2a3 ./Drivers/STM32F1xx_HAL_Driver/Src/stm32f1xx_hal_i2c.o
 .debug_abbrev  0x000014a3      0x2b3 ./Drivers/STM32F1xx_HAL_Driver/Src/stm32f1xx_hal_rcc.o

.debug_aranges  0x00000000      0x7c8
 .debug_aranges
                0x00000000       0x18 ./Core/Src/font.o
 .debug_aranges
                0x00000018       0x20 ./Core/Src/gpio.o
 .debug_aranges
                0x00000038       0x30 ./Core/Src/i2c.o
 .debug_aranges
                0x00000068       0x30 ./Core/Src/main.o
 .debug_aranges
                0x00000098       0xf0 ./Core/Src/oled.o
 .debug_aranges
                0x00000188       0x20 ./Core/Src/stm32f1xx_hal_msp.o
 .debug_aranges
                0x000001a8       0x60 ./Core/Src/stm32f1xx_it.o
 .debug_aranges
                0x00000208       0x28 ./Core/Src/system_stm32f1xx.o
 .debug_aranges
                0x00000230       0x28 ./Core/Startup/startup_stm32f103c8tx.o
 .debug_aranges
                0x00000258       0xe0 ./Drivers/STM32F1xx_HAL_Driver/Src/stm32f1xx_hal.o
 .debug_aranges
                0x00000338      0x100 ./Drivers/STM32F1xx_HAL_Driver/Src/stm32f1xx_hal_cortex.o
 .debug_aranges
                0x00000438       0x58 ./Drivers/STM32F1xx_HAL_Driver/Src/stm32f1xx_hal_gpio.o
 .debug_aranges
                0x00000490      0x2a8 ./Drivers/STM32F1xx_HAL_Driver/Src/stm32f1xx_hal_i2c.o
 .debug_aranges
                0x00000738       0x90 ./Drivers/STM32F1xx_HAL_Driver/Src/stm32f1xx_hal_rcc.o

.debug_macro    0x00000000    0x1706d
 .debug_macro   0x00000000      0x140 ./Core/Src/font.o
 .debug_macro   0x00000140      0xaa8 ./Core/Src/font.o
 .debug_macro   0x00000be8       0x22 ./Core/Src/font.o
 .debug_macro   0x00000c0a       0x8e ./Core/Src/font.o
 .debug_macro   0x00000c98       0x51 ./Core/Src/font.o
 .debug_macro   0x00000ce9      0x103 ./Core/Src/font.o
 .debug_macro   0x00000dec       0x6a ./Core/Src/font.o
 .debug_macro   0x00000e56      0x1df ./Core/Src/font.o
 .debug_macro   0x00001035       0x61 ./Core/Src/font.o
 .debug_macro   0x00001096       0x24 ./Core/Src/font.o
 .debug_macro   0x000010ba       0x43 ./Core/Src/font.o
 .debug_macro   0x000010fd       0x34 ./Core/Src/font.o
 .debug_macro   0x00001131      0x189 ./Core/Src/font.o
 .debug_macro   0x000012ba       0x16 ./Core/Src/font.o
 .debug_macro   0x000012d0       0x43 ./Core/Src/font.o
 .debug_macro   0x00001313       0x34 ./Core/Src/font.o
 .debug_macro   0x00001347       0x10 ./Core/Src/font.o
 .debug_macro   0x00001357       0x58 ./Core/Src/font.o
 .debug_macro   0x000013af       0x8e ./Core/Src/font.o
 .debug_macro   0x0000143d       0x1c ./Core/Src/font.o
 .debug_macro   0x00001459      0x177 ./Core/Src/font.o
 .debug_macro   0x000015d0      0x369 ./Core/Src/font.o
 .debug_macro   0x00001939       0x10 ./Core/Src/font.o
 .debug_macro   0x00001949       0x35 ./Core/Src/font.o
 .debug_macro   0x0000197e       0x20 ./Core/Src/font.o
 .debug_macro   0x0000199e      0x1a2 ./Core/Src/gpio.o
 .debug_macro   0x00001b40      0x215 ./Core/Src/gpio.o
 .debug_macro   0x00001d55       0x2e ./Core/Src/gpio.o
 .debug_macro   0x00001d83       0x22 ./Core/Src/gpio.o
 .debug_macro   0x00001da5       0x1c ./Core/Src/gpio.o
 .debug_macro   0x00001dc1       0x22 ./Core/Src/gpio.o
 .debug_macro   0x00001de3       0xbd ./Core/Src/gpio.o
 .debug_macro   0x00001ea0      0xd23 ./Core/Src/gpio.o
 .debug_macro   0x00002bc3     0xe09e ./Core/Src/gpio.o
 .debug_macro   0x00010c61       0x6d ./Core/Src/gpio.o
 .debug_macro   0x00010cce     0x34a2 ./Core/Src/gpio.o
 .debug_macro   0x00014170       0x5c ./Core/Src/gpio.o
 .debug_macro   0x000141cc      0x5bc ./Core/Src/gpio.o
 .debug_macro   0x00014788      0x289 ./Core/Src/gpio.o
 .debug_macro   0x00014a11      0x1cb ./Core/Src/gpio.o
 .debug_macro   0x00014bdc      0x114 ./Core/Src/gpio.o
 .debug_macro   0x00014cf0      0x1b2 ./Core/Src/gpio.o
 .debug_macro   0x00014ea2       0x27 ./Core/Src/gpio.o
 .debug_macro   0x00014ec9      0x136 ./Core/Src/gpio.o
 .debug_macro   0x00014fff      0x1bc ./Core/Src/gpio.o
 .debug_macro   0x000151bb       0x34 ./Core/Src/gpio.o
 .debug_macro   0x000151ef       0x3c ./Core/Src/gpio.o
 .debug_macro   0x0001522b       0x57 ./Core/Src/gpio.o
 .debug_macro   0x00015282       0x87 ./Core/Src/gpio.o
 .debug_macro   0x00015309      0x240 ./Core/Src/gpio.o
 .debug_macro   0x00015549      0x287 ./Core/Src/gpio.o
 .debug_macro   0x000157d0      0x140 ./Core/Src/gpio.o
 .debug_macro   0x00015910       0x83 ./Core/Src/gpio.o
 .debug_macro   0x00015993      0x1a2 ./Core/Src/i2c.o
 .debug_macro   0x00015b35      0x292 ./Core/Src/main.o
 .debug_macro   0x00015dc7      0x2e3 ./Core/Src/oled.o
 .debug_macro   0x000160aa       0x56 ./Core/Src/oled.o
 .debug_macro   0x00016100      0x19b ./Core/Src/oled.o
 .debug_macro   0x0001629b       0x16 ./Core/Src/oled.o
 .debug_macro   0x000162b1       0x16 ./Core/Src/oled.o
 .debug_macro   0x000162c7       0x29 ./Core/Src/oled.o
 .debug_macro   0x000162f0      0x198 ./Core/Src/stm32f1xx_hal_msp.o
 .debug_macro   0x00016488      0x1a2 ./Core/Src/stm32f1xx_it.o
 .debug_macro   0x0001662a      0x18e ./Core/Src/system_stm32f1xx.o
 .debug_macro   0x000167b8      0x1b2 ./Drivers/STM32F1xx_HAL_Driver/Src/stm32f1xx_hal.o
 .debug_macro   0x0001696a      0x18e ./Drivers/STM32F1xx_HAL_Driver/Src/stm32f1xx_hal_cortex.o
 .debug_macro   0x00016af8      0x1f9 ./Drivers/STM32F1xx_HAL_Driver/Src/stm32f1xx_hal_gpio.o
 .debug_macro   0x00016cf1      0x1dc ./Drivers/STM32F1xx_HAL_Driver/Src/stm32f1xx_hal_i2c.o
 .debug_macro   0x00016ecd      0x1a0 ./Drivers/STM32F1xx_HAL_Driver/Src/stm32f1xx_hal_rcc.o

.debug_line     0x00000000     0xacd7
 .debug_line    0x00000000      0x57f ./Core/Src/font.o
 .debug_line    0x0000057f      0x6d0 ./Core/Src/gpio.o
 .debug_line    0x00000c4f      0x738 ./Core/Src/i2c.o
 .debug_line    0x00001387      0x8fd ./Core/Src/main.o
 .debug_line    0x00001c84     0x1180 ./Core/Src/oled.o
 .debug_line    0x00002e04      0x6d4 ./Core/Src/stm32f1xx_hal_msp.o
 .debug_line    0x000034d8      0x795 ./Core/Src/stm32f1xx_it.o
 .debug_line    0x00003c6d      0x751 ./Core/Src/system_stm32f1xx.o
 .debug_line    0x000043be       0x78 ./Core/Startup/startup_stm32f103c8tx.o
 .debug_line    0x00004436      0x97e ./Drivers/STM32F1xx_HAL_Driver/Src/stm32f1xx_hal.o
 .debug_line    0x00004db4      0xb6a ./Drivers/STM32F1xx_HAL_Driver/Src/stm32f1xx_hal_cortex.o
 .debug_line    0x0000591e      0xa17 ./Drivers/STM32F1xx_HAL_Driver/Src/stm32f1xx_hal_gpio.o
 .debug_line    0x00006335     0x3c1b ./Drivers/STM32F1xx_HAL_Driver/Src/stm32f1xx_hal_i2c.o
 .debug_line    0x00009f50      0xd87 ./Drivers/STM32F1xx_HAL_Driver/Src/stm32f1xx_hal_rcc.o

.debug_str      0x00000000    0x822eb
 .debug_str     0x00000000     0x704e ./Core/Src/font.o
                               0x724e (size before relaxing)
 .debug_str     0x0000704e    0x78496 ./Core/Src/gpio.o
                              0x7c605 (size before relaxing)
 .debug_str     0x0007f4e4      0x4f9 ./Core/Src/i2c.o
                              0x7cb65 (size before relaxing)
 .debug_str     0x0007f9dd      0x20a ./Core/Src/main.o
                              0x7f9a8 (size before relaxing)
 .debug_str     0x0007fbe7      0xb6a ./Core/Src/oled.o
                              0x807dd (size before relaxing)
 .debug_str     0x00080751       0x5a ./Core/Src/stm32f1xx_hal_msp.o
                              0x7c633 (size before relaxing)
 .debug_str     0x000807ab       0xc9 ./Core/Src/stm32f1xx_it.o
                              0x7c648 (size before relaxing)
 .debug_str     0x00080874       0x7e ./Core/Src/system_stm32f1xx.o
                              0x7c65e (size before relaxing)
 .debug_str     0x000808f2       0x44 ./Core/Startup/startup_stm32f103c8tx.o
                                 0x6c (size before relaxing)
 .debug_str     0x00080936      0x607 ./Drivers/STM32F1xx_HAL_Driver/Src/stm32f1xx_hal.o
                              0x7cd91 (size before relaxing)
 .debug_str     0x00080f3d      0x2bb ./Drivers/STM32F1xx_HAL_Driver/Src/stm32f1xx_hal_cortex.o
                              0x7ccdd (size before relaxing)
 .debug_str     0x000811f8      0x31d ./Drivers/STM32F1xx_HAL_Driver/Src/stm32f1xx_hal_gpio.o
                              0x7c9e4 (size before relaxing)
 .debug_str     0x00081515      0xbcd ./Drivers/STM32F1xx_HAL_Driver/Src/stm32f1xx_hal_i2c.o
                              0x7d725 (size before relaxing)
 .debug_str     0x000820e2      0x209 ./Drivers/STM32F1xx_HAL_Driver/Src/stm32f1xx_hal_rcc.o
                              0x7ca8d (size before relaxing)

.comment        0x00000000       0x43
 .comment       0x00000000       0x43 ./Core/Src/font.o
                                 0x44 (size before relaxing)
 .comment       0x00000043       0x44 ./Core/Src/gpio.o
 .comment       0x00000043       0x44 ./Core/Src/i2c.o
 .comment       0x00000043       0x44 ./Core/Src/main.o
 .comment       0x00000043       0x44 ./Core/Src/oled.o
 .comment       0x00000043       0x44 ./Core/Src/stm32f1xx_hal_msp.o
 .comment       0x00000043       0x44 ./Core/Src/stm32f1xx_it.o
 .comment       0x00000043       0x44 ./Core/Src/system_stm32f1xx.o
 .comment       0x00000043       0x44 ./Drivers/STM32F1xx_HAL_Driver/Src/stm32f1xx_hal.o
 .comment       0x00000043       0x44 ./Drivers/STM32F1xx_HAL_Driver/Src/stm32f1xx_hal_cortex.o
 .comment       0x00000043       0x44 ./Drivers/STM32F1xx_HAL_Driver/Src/stm32f1xx_hal_gpio.o
 .comment       0x00000043       0x44 ./Drivers/STM32F1xx_HAL_Driver/Src/stm32f1xx_hal_i2c.o
 .comment       0x00000043       0x44 ./Drivers/STM32F1xx_HAL_Driver/Src/stm32f1xx_hal_rcc.o

.debug_rnglists
                0x00000000      0x5eb
 .debug_rnglists
                0x00000000       0x13 ./Core/Src/gpio.o
 .debug_rnglists
                0x00000013       0x1f ./Core/Src/i2c.o
 .debug_rnglists
                0x00000032       0x20 ./Core/Src/main.o
 .debug_rnglists
                0x00000052       0xcb ./Core/Src/oled.o
 .debug_rnglists
                0x0000011d       0x13 ./Core/Src/stm32f1xx_hal_msp.o
 .debug_rnglists
                0x00000130       0x43 ./Core/Src/stm32f1xx_it.o
 .debug_rnglists
                0x00000173       0x1a ./Core/Src/system_stm32f1xx.o
 .debug_rnglists
                0x0000018d       0x19 ./Core/Startup/startup_stm32f103c8tx.o
 .debug_rnglists
                0x000001a6       0xa3 ./Drivers/STM32F1xx_HAL_Driver/Src/stm32f1xx_hal.o
 .debug_rnglists
                0x00000249       0xbb ./Drivers/STM32F1xx_HAL_Driver/Src/stm32f1xx_hal_cortex.o
 .debug_rnglists
                0x00000304       0x3f ./Drivers/STM32F1xx_HAL_Driver/Src/stm32f1xx_hal_gpio.o
 .debug_rnglists
                0x00000343      0x23c ./Drivers/STM32F1xx_HAL_Driver/Src/stm32f1xx_hal_i2c.o
 .debug_rnglists
                0x0000057f       0x6c ./Drivers/STM32F1xx_HAL_Driver/Src/stm32f1xx_hal_rcc.o

.debug_frame    0x00000000     0x1ea4
 .debug_frame   0x00000000       0x38 ./Core/Src/gpio.o
 .debug_frame   0x00000038       0x74 ./Core/Src/i2c.o
 .debug_frame   0x000000ac       0x6c ./Core/Src/main.o
 .debug_frame   0x00000118      0x418 ./Core/Src/oled.o
 .debug_frame   0x00000530       0x38 ./Core/Src/stm32f1xx_hal_msp.o
 .debug_frame   0x00000568      0x104 ./Core/Src/stm32f1xx_it.o
 .debug_frame   0x0000066c       0x58 ./Core/Src/system_stm32f1xx.o
 .debug_frame   0x000006c4      0x334 ./Drivers/STM32F1xx_HAL_Driver/Src/stm32f1xx_hal.o
 .debug_frame   0x000009f8      0x428 ./Drivers/STM32F1xx_HAL_Driver/Src/stm32f1xx_hal_cortex.o
 .debug_frame   0x00000e20      0x14c ./Drivers/STM32F1xx_HAL_Driver/Src/stm32f1xx_hal_gpio.o
 .debug_frame   0x00000f6c      0xc84 ./Drivers/STM32F1xx_HAL_Driver/Src/stm32f1xx_hal_i2c.o
 .debug_frame   0x00001bf0      0x218 ./Drivers/STM32F1xx_HAL_Driver/Src/stm32f1xx_hal_rcc.o
 .debug_frame   0x00001e08       0x28 C:/ST/STM32CubeIDE_1.16.0/STM32CubeIDE/plugins/com.st.stm32cube.ide.mcu.externaltools.gnu-tools-for-stm32.12.3.rel1.win32_1.0.200.202406191623/tools/bin/../lib/gcc/arm-none-eabi/12.3.1/../../../../arm-none-eabi/lib/thumb/v7-m/nofp\libc_nano.a(libc_a-memcmp.o)
 .debug_frame   0x00001e30       0x20 C:/ST/STM32CubeIDE_1.16.0/STM32CubeIDE/plugins/com.st.stm32cube.ide.mcu.externaltools.gnu-tools-for-stm32.12.3.rel1.win32_1.0.200.202406191623/tools/bin/../lib/gcc/arm-none-eabi/12.3.1/../../../../arm-none-eabi/lib/thumb/v7-m/nofp\libc_nano.a(libc_a-memset.o)
 .debug_frame   0x00001e50       0x2c C:/ST/STM32CubeIDE_1.16.0/STM32CubeIDE/plugins/com.st.stm32cube.ide.mcu.externaltools.gnu-tools-for-stm32.12.3.rel1.win32_1.0.200.202406191623/tools/bin/../lib/gcc/arm-none-eabi/12.3.1/../../../../arm-none-eabi/lib/thumb/v7-m/nofp\libc_nano.a(libc_a-init.o)
 .debug_frame   0x00001e7c       0x28 C:/ST/STM32CubeIDE_1.16.0/STM32CubeIDE/plugins/com.st.stm32cube.ide.mcu.externaltools.gnu-tools-for-stm32.12.3.rel1.win32_1.0.200.202406191623/tools/bin/../lib/gcc/arm-none-eabi/12.3.1/../../../../arm-none-eabi/lib/thumb/v7-m/nofp\libc_nano.a(libc_a-memcpy-stub.o)

.debug_line_str
                0x00000000       0x50
 .debug_line_str
                0x00000000       0x50 ./Core/Startup/startup_stm32f103c8tx.o
