10:00:36 **** Incremental Build of configuration Debug for project proj11_slaveMode ****
make -j12 all 
arm-none-eabi-gcc "../Core/Src/main.c" -mcpu=cortex-m3 -std=gnu11 -g3 -DDEBUG -DUSE_HAL_DRIVER -DSTM32F103xB -c -I../Core/Inc -I../Drivers/STM32F1xx_HAL_Driver/Inc/Legacy -I../Drivers/STM32F1xx_HAL_Driver/Inc -I../Drivers/CMSIS/Device/ST/STM32F1xx/Include -I../Drivers/CMSIS/Include -O0 -ffunction-sections -fdata-sections -Wall -fstack-usage -fcyclomatic-complexity -MMD -MP -MF"Core/Src/main.d" -MT"Core/Src/main.o" --specs=nano.specs -mfloat-abi=soft -mthumb -o "Core/Src/main.o"
arm-none-eabi-gcc -o "proj11_slaveMode.elf" @"objects.list"   -mcpu=cortex-m3 -T"C:\ST\workspace_1.16.0\proj11_slaveMode\STM32F103C8TX_FLASH.ld" --specs=nosys.specs -Wl,-Map="proj11_slaveMode.map" -Wl,--gc-sections -static --specs=nano.specs -mfloat-abi=soft -mthumb -Wl,--start-group -lc -lm -Wl,--end-group
Finished building target: proj11_slaveMode.elf
 
arm-none-eabi-size  proj11_slaveMode.elf 
arm-none-eabi-objdump -h -S proj11_slaveMode.elf  > "proj11_slaveMode.list"
   text	   data	    bss	    dec	    hex	filename
  11688	    132	   2044	  13864	   3628	proj11_slaveMode.elf
Finished building: default.size.stdout
 
Finished building: proj11_slaveMode.list
 

10:00:36 Build Finished. 0 errors, 0 warnings. (took 845ms)

