11:40:57 **** Incremental Build of configuration Debug for project proj6_iic ****
make -j12 all 
arm-none-eabi-gcc "../Core/Src/i2c.c" -mcpu=cortex-m3 -std=gnu11 -g3 -DDEBUG -DUSE_HAL_DRIVER -DSTM32F103xB -c -I../Core/Inc -I../Drivers/STM32F1xx_HAL_Driver/Inc/Legacy -I../Drivers/STM32F1xx_HAL_Driver/Inc -I../Drivers/CMSIS/Device/ST/STM32F1xx/Include -I../Drivers/CMSIS/Include -O0 -ffunction-sections -fdata-sections -Wall -fstack-usage -fcyclomatic-complexity -MMD -MP -MF"Core/Src/i2c.d" -MT"Core/Src/i2c.o" --specs=nano.specs -mfloat-abi=soft -mthumb -o "Core/Src/i2c.o"
arm-none-eabi-gcc -o "proj6_iic.elf" @"objects.list"   -mcpu=cortex-m3 -T"C:\ST\workspace_1.16.0\proj6_iic\STM32F103C8TX_FLASH.ld" --specs=nosys.specs -Wl,-Map="proj6_iic.map" -Wl,--gc-sections -static --specs=nano.specs -mfloat-abi=soft -mthumb -u _printf_float -u _scanf_float -Wl,--start-group -lc -lm -Wl,--end-group
Finished building target: proj6_iic.elf
 
arm-none-eabi-size  proj6_iic.elf 
arm-none-eabi-objdump -h -S proj6_iic.elf  > "proj6_iic.list"
   text	   data	    bss	    dec	    hex	filename
  41976	    472	   2072	  44520	   ade8	proj6_iic.elf
Finished building: default.size.stdout
 
Finished building: proj6_iic.list
 

11:40:58 Build Finished. 0 errors, 0 warnings. (took 821ms)

