10:22:16 **** Incremental Build of configuration Debug for project proj4_serial ****
make -j12 all 
arm-none-eabi-gcc "../Core/Src/main.c" -mcpu=cortex-m3 -std=gnu11 -g3 -DDEBUG -DUSE_HAL_DRIVER -DSTM32F103xB -c -I../Core/Inc -I../Drivers/STM32F1xx_HAL_Driver/Inc/Legacy -I../Drivers/STM32F1xx_HAL_Driver/Inc -I../Drivers/CMSIS/Device/ST/STM32F1xx/Include -I../Drivers/CMSIS/Include -O0 -ffunction-sections -fdata-sections -Wall -fstack-usage -fcyclomatic-complexity -MMD -MP -MF"Core/Src/main.d" -MT"Core/Src/main.o" --specs=nano.specs -mfloat-abi=soft -mthumb -o "Core/Src/main.o"
arm-none-eabi-gcc -o "proj4_serial.elf" @"objects.list"   -mcpu=cortex-m3 -T"C:\ST\workspace_1.16.0\proj4_serial\STM32F103C8TX_FLASH.ld" --specs=nosys.specs -Wl,-Map="proj4_serial.map" -Wl,--gc-sections -static --specs=nano.specs -mfloat-abi=soft -mthumb -Wl,--start-group -lc -lm -Wl,--end-group
Finished building target: proj4_serial.elf
 
arm-none-eabi-size  proj4_serial.elf 
arm-none-eabi-objdump -h -S proj4_serial.elf  > "proj4_serial.list"
   text	   data	    bss	    dec	    hex	filename
  11196	     12	   1828	  13036	   32ec	proj4_serial.elf
Finished building: default.size.stdout
 
Finished building: proj4_serial.list
 

10:22:18 Build Finished. 0 errors, 0 warnings. (took 1s.320ms)

