17:43:15 **** Incremental Build of configuration Debug for project proj17_adc ****
make -j12 all 
arm-none-eabi-gcc "../Core/Src/main.c" -mcpu=cortex-m3 -std=gnu11 -g3 -DDEBUG -DUSE_HAL_DRIVER -DSTM32F103xB -c -I../Core/Inc -I../Drivers/STM32F1xx_HAL_Driver/Inc/Legacy -I../Drivers/STM32F1xx_HAL_Driver/Inc -I../Drivers/CMSIS/Device/ST/STM32F1xx/Include -I../Drivers/CMSIS/Include -O0 -ffunction-sections -fdata-sections -Wall -fstack-usage -fcyclomatic-complexity -MMD -MP -MF"Core/Src/main.d" -MT"Core/Src/main.o" --specs=nano.specs -mfloat-abi=soft -mthumb -o "Core/Src/main.o"
arm-none-eabi-gcc -o "proj17_adc.elf" @"objects.list"   -mcpu=cortex-m3 -T"C:\ST\workspace_1.16.0\proj17_adc\STM32F103C8TX_FLASH.ld" --specs=nosys.specs -Wl,-Map="proj17_adc.map" -Wl,--gc-sections -static --specs=nano.specs -mfloat-abi=soft -mthumb -u _printf_float -Wl,--start-group -lc -lm -Wl,--end-group
Finished building target: proj17_adc.elf
 
arm-none-eabi-size  proj17_adc.elf 
arm-none-eabi-objdump -h -S proj17_adc.elf  > "proj17_adc.list"
   text	   data	    bss	    dec	    hex	filename
  29516	    468	   3196	  33180	   819c	proj17_adc.elf
Finished building: default.size.stdout
 
Finished building: proj17_adc.list
 

17:43:17 Build Finished. 0 errors, 0 warnings. (took 1s.85ms)

