22:37:26 **** Incremental Build of configuration Debug for project proj7_oled ****
make -j12 all 
arm-none-eabi-gcc "../Core/Src/font.c" -mcpu=cortex-m3 -std=gnu11 -g3 -DDEBUG -DUSE_HAL_DRIVER -DSTM32F103xB -c -I../Core/Inc -I../Drivers/STM32F1xx_HAL_Driver/Inc/Legacy -I../Drivers/STM32F1xx_HAL_Driver/Inc -I../Drivers/CMSIS/Device/ST/STM32F1xx/Include -I../Drivers/CMSIS/Include -O0 -ffunction-sections -fdata-sections -Wall -fstack-usage -fcyclomatic-complexity -MMD -MP -MF"Core/Src/font.d" -MT"Core/Src/font.o" --specs=nano.specs -mfloat-abi=soft -mthumb -o "Core/Src/font.o"
arm-none-eabi-gcc "../Core/Src/main.c" -mcpu=cortex-m3 -std=gnu11 -g3 -DDEBUG -DUSE_HAL_DRIVER -DSTM32F103xB -c -I../Core/Inc -I../Drivers/STM32F1xx_HAL_Driver/Inc/Legacy -I../Drivers/STM32F1xx_HAL_Driver/Inc -I../Drivers/CMSIS/Device/ST/STM32F1xx/Include -I../Drivers/CMSIS/Include -O0 -ffunction-sections -fdata-sections -Wall -fstack-usage -fcyclomatic-complexity -MMD -MP -MF"Core/Src/main.d" -MT"Core/Src/main.o" --specs=nano.specs -mfloat-abi=soft -mthumb -o "Core/Src/main.o"
arm-none-eabi-gcc -o "proj7_oled.elf" @"objects.list"   -mcpu=cortex-m3 -T"C:\ST\workspace_1.16.0\proj7_oled\STM32F103C8TX_FLASH.ld" --specs=nosys.specs -Wl,-Map="proj7_oled.map" -Wl,--gc-sections -static --specs=nano.specs -mfloat-abi=soft -mthumb -Wl,--start-group -lc -lm -Wl,--end-group
Finished building target: proj7_oled.elf
 
arm-none-eabi-size  proj7_oled.elf 
arm-none-eabi-objdump -h -S proj7_oled.elf  > "proj7_oled.list"
   text	   data	    bss	    dec	    hex	filename
  11252	     12	   2812	  14076	   36fc	proj7_oled.elf
Finished building: default.size.stdout
 
Finished building: proj7_oled.list
 

22:37:27 Build Finished. 0 errors, 0 warnings. (took 766ms)

